2025-11-26T18:50:03.4308766Z Current runner version: '2.329.0'
2025-11-26T18:50:03.4324694Z Runner name: 'khawla'
2025-11-26T18:50:03.4325512Z Runner group name: 'Default'
2025-11-26T18:50:03.4326614Z Machine name: 'khawla'
2025-11-26T18:50:03.4331882Z ##[group]GITHUB_TOKEN Permissions
2025-11-26T18:50:03.4335706Z Actions: write
2025-11-26T18:50:03.4336376Z ArtifactMetadata: write
2025-11-26T18:50:03.4337007Z Attestations: write
2025-11-26T18:50:03.4337561Z Checks: write
2025-11-26T18:50:03.4338047Z Contents: write
2025-11-26T18:50:03.4338590Z Deployments: write
2025-11-26T18:50:03.4339271Z Discussions: write
2025-11-26T18:50:03.4340097Z Issues: write
2025-11-26T18:50:03.4340943Z Metadata: read
2025-11-26T18:50:03.4341746Z Models: read
2025-11-26T18:50:03.4342591Z Packages: write
2025-11-26T18:50:03.4343316Z Pages: write
2025-11-26T18:50:03.4344021Z PullRequests: write
2025-11-26T18:50:03.4344839Z RepositoryProjects: write
2025-11-26T18:50:03.4345780Z SecurityEvents: write
2025-11-26T18:50:03.4346874Z Statuses: write
2025-11-26T18:50:03.4348006Z ##[endgroup]
2025-11-26T18:50:03.4352840Z Secret source: Actions
2025-11-26T18:50:03.4355155Z Prepare workflow directory
2025-11-26T18:50:03.5998653Z Prepare all required actions
2025-11-26T18:50:03.6065276Z Getting action download info
2025-11-26T18:50:04.3072347Z Download action repository 'actions/checkout@v3' (SHA:f43a0e5ff2bd294095638e18286ca9a3d1956744)
2025-11-26T18:50:05.8662166Z Download action repository 'appleboy/ssh-action@v0.1.9' (SHA:5f64c95280a8e7632da28096e00ccaecb296d200)
2025-11-26T18:50:06.9158673Z Download action repository 'appleboy/scp-action@v0.1.7' (SHA:917f8b81dfc1ccd331fef9e2d61bdc6c8be94634)
2025-11-26T18:50:11.9018316Z Complete job name: deploy-***
2025-11-26T18:50:11.9433338Z ##[group]Build container for action use: '/home/worldsoft/actions-runner/_work/_actions/appleboy/ssh-action/v0.1.9/Dockerfile'.
2025-11-26T18:50:11.9467339Z ##[command]/usr/bin/docker build -t e32b84:fa49ea742623447cb8ad93b6b82a0ab5 -f "/home/worldsoft/actions-runner/_work/_actions/appleboy/ssh-action/v0.1.9/Dockerfile" "/home/worldsoft/actions-runner/_work/_actions/appleboy/ssh-action/v0.1.9"
2025-11-26T18:50:11.9873972Z DEPRECATED: The legacy builder is deprecated and will be removed in a future release.
2025-11-26T18:50:11.9874998Z             Install the buildx component to build images with BuildKit:
2025-11-26T18:50:11.9882271Z             https://docs.docker.com/go/buildx/
2025-11-26T18:50:11.9883270Z 
2025-11-26T18:50:11.9986962Z Sending build context to Docker daemon  310.3kB
2025-11-26T18:50:11.9987810Z 
2025-11-26T18:50:12.0001294Z Step 1/4 : FROM ghcr.io/appleboy/drone-ssh:1.6.12
2025-11-26T18:50:12.0005683Z  ---> 6b9c264b6e97
2025-11-26T18:50:12.0008269Z Step 2/4 : COPY entrypoint.sh /entrypoint.sh
2025-11-26T18:50:12.0019205Z  ---> Using cache
2025-11-26T18:50:12.0020711Z  ---> eacef9fd4fa1
2025-11-26T18:50:12.0021263Z Step 3/4 : RUN chmod +x /entrypoint.sh
2025-11-26T18:50:12.0035751Z  ---> Using cache
2025-11-26T18:50:12.0036646Z  ---> 2d0d042fb7a0
2025-11-26T18:50:12.0038133Z Step 4/4 : ENTRYPOINT ["/entrypoint.sh"]
2025-11-26T18:50:12.0063364Z  ---> Using cache
2025-11-26T18:50:12.0063899Z  ---> 81a0af38752e
2025-11-26T18:50:12.0070974Z Successfully built 81a0af38752e
2025-11-26T18:50:12.0227116Z Successfully tagged e32b84:fa49ea742623447cb8ad93b6b82a0ab5
2025-11-26T18:50:12.0259623Z ##[endgroup]
2025-11-26T18:50:12.0294995Z ##[group]Build container for action use: '/home/worldsoft/actions-runner/_work/_actions/appleboy/scp-action/v0.1.7/Dockerfile'.
2025-11-26T18:50:12.0296992Z ##[command]/usr/bin/docker build -t e32b84:3967b8db061d4cb083e7ad6d29e13dce -f "/home/worldsoft/actions-runner/_work/_actions/appleboy/scp-action/v0.1.7/Dockerfile" "/home/worldsoft/actions-runner/_work/_actions/appleboy/scp-action/v0.1.7"
2025-11-26T18:50:12.0499232Z DEPRECATED: The legacy builder is deprecated and will be removed in a future release.
2025-11-26T18:50:12.0500524Z             Install the buildx component to build images with BuildKit:
2025-11-26T18:50:12.0502401Z             https://docs.docker.com/go/buildx/
2025-11-26T18:50:12.0503687Z 
2025-11-26T18:50:12.0541214Z Sending build context to Docker daemon    130kB
2025-11-26T18:50:12.0541807Z 
2025-11-26T18:50:12.0572388Z Step 1/3 : FROM ghcr.io/appleboy/drone-scp:1.6.14
2025-11-26T18:50:12.0700689Z  ---> 6e1933d0a1a5
2025-11-26T18:50:12.0703129Z Step 2/3 : COPY entrypoint.sh /bin/entrypoint.sh
2025-11-26T18:50:12.0806156Z  ---> Using cache
2025-11-26T18:50:12.0806870Z  ---> b5a297586f0e
2025-11-26T18:50:12.0808270Z Step 3/3 : ENTRYPOINT ["/bin/entrypoint.sh"]
2025-11-26T18:50:12.0829270Z  ---> Using cache
2025-11-26T18:50:12.0829825Z  ---> 274c70a0997f
2025-11-26T18:50:12.0835485Z Successfully built 274c70a0997f
2025-11-26T18:50:12.0960128Z Successfully tagged e32b84:3967b8db061d4cb083e7ad6d29e13dce
2025-11-26T18:50:12.1003148Z ##[endgroup]
2025-11-26T18:50:12.1310586Z ##[group]Run actions/checkout@v3
2025-11-26T18:50:12.1311638Z with:
2025-11-26T18:50:12.1312336Z   repository: rouisskhawla/devops-ci-cd-pipeline-github-actions
2025-11-26T18:50:12.1313231Z   token: ***
2025-11-26T18:50:12.1313519Z   ssh-strict: true
2025-11-26T18:50:12.1313971Z   persist-credentials: true
2025-11-26T18:50:12.1314394Z   clean: true
2025-11-26T18:50:12.1314781Z   sparse-checkout-cone-mode: true
2025-11-26T18:50:12.1315158Z   fetch-depth: 1
2025-11-26T18:50:12.1315451Z   fetch-tags: false
2025-11-26T18:50:12.1315778Z   lfs: false
2025-11-26T18:50:12.1316071Z   submodules: false
2025-11-26T18:50:12.1316440Z   set-safe-directory: true
2025-11-26T18:50:12.1317822Z ##[endgroup]
2025-11-26T18:50:12.2626692Z Syncing repository: rouisskhawla/devops-ci-cd-pipeline-github-actions
2025-11-26T18:50:12.2628911Z ##[group]Getting Git version info
2025-11-26T18:50:12.2629898Z Working directory is '/home/worldsoft/actions-runner/_work/devops-ci-cd-pipeline-github-actions/devops-ci-cd-pipeline-github-actions'
2025-11-26T18:50:12.2987814Z [command]/usr/bin/git version
2025-11-26T18:50:12.3046102Z git version 2.43.0
2025-11-26T18:50:12.3069874Z ##[endgroup]
2025-11-26T18:50:12.3098401Z Temporarily overriding HOME='/home/worldsoft/actions-runner/_work/_temp/f5929deb-767d-4c75-b4e5-e541909a20b7' before making global git config changes
2025-11-26T18:50:12.3099598Z Adding repository directory to the temporary git global config as a safe directory
2025-11-26T18:50:12.3103793Z [command]/usr/bin/git config --global --add safe.directory /home/worldsoft/actions-runner/_work/devops-ci-cd-pipeline-github-actions/devops-ci-cd-pipeline-github-actions
2025-11-26T18:50:12.3154919Z [command]/usr/bin/git config --local --get remote.origin.url
2025-11-26T18:50:12.3179449Z https://github.com/rouisskhawla/devops-ci-cd-pipeline-github-actions
2025-11-26T18:50:12.3210744Z ##[group]Removing previously created refs, to avoid conflicts
2025-11-26T18:50:12.3213800Z [command]/usr/bin/git rev-parse --symbolic-full-name --verify --quiet HEAD
2025-11-26T18:50:12.3376961Z refs/heads/main
2025-11-26T18:50:12.3388983Z [command]/usr/bin/git checkout --detach
2025-11-26T18:50:12.3619471Z HEAD is now at 9ed62df Trigger releases by running ci.yml manually
2025-11-26T18:50:12.3681310Z [command]/usr/bin/git branch --delete --force main
2025-11-26T18:50:12.3719676Z Deleted branch main (was 9ed62df).
2025-11-26T18:50:12.3798845Z ##[endgroup]
2025-11-26T18:50:12.3800870Z [command]/usr/bin/git submodule status
2025-11-26T18:50:12.4204103Z ##[group]Cleaning the repository
2025-11-26T18:50:12.4206639Z [command]/usr/bin/git clean -ffdx
2025-11-26T18:50:12.4397735Z Removing devops-ci-cd-pipeline-github-actions-.jar
2025-11-26T18:50:12.4409456Z [command]/usr/bin/git reset --hard HEAD
2025-11-26T18:50:12.4540224Z HEAD is now at 9ed62df Trigger releases by running ci.yml manually
2025-11-26T18:50:12.4542751Z ##[endgroup]
2025-11-26T18:50:12.4546514Z ##[group]Disabling automatic garbage collection
2025-11-26T18:50:12.4552195Z [command]/usr/bin/git config --local gc.auto 0
2025-11-26T18:50:12.4594397Z ##[endgroup]
2025-11-26T18:50:12.4595167Z ##[group]Setting up auth
2025-11-26T18:50:12.4599817Z [command]/usr/bin/git config --local --name-only --get-regexp core\.sshCommand
2025-11-26T18:50:12.4639612Z [command]/usr/bin/git submodule foreach --recursive sh -c "git config --local --name-only --get-regexp 'core\.sshCommand' && git config --local --unset-all 'core.sshCommand' || :"
2025-11-26T18:50:12.4989892Z [command]/usr/bin/git config --local --name-only --get-regexp http\.https\:\/\/github\.com\/\.extraheader
2025-11-26T18:50:12.5033088Z [command]/usr/bin/git submodule foreach --recursive sh -c "git config --local --name-only --get-regexp 'http\.https\:\/\/github\.com\/\.extraheader' && git config --local --unset-all 'http.https://github.com/.extraheader' || :"
2025-11-26T18:50:12.5405857Z [command]/usr/bin/git config --local http.https://github.com/.extraheader AUTHORIZATION: basic ***
2025-11-26T18:50:12.5574520Z ##[endgroup]
2025-11-26T18:50:12.5576529Z ##[group]Fetching the repository
2025-11-26T18:50:12.5583626Z [command]/usr/bin/git -c protocol.version=2 fetch --no-tags --prune --progress --no-recurse-submodules --depth=1 origin +497451586471704e9134a95b8802e6232c703f3d:refs/remotes/origin/main
2025-11-26T18:50:13.2771803Z remote: Enumerating objects: 7, done.        
2025-11-26T18:50:13.2772534Z remote: Counting objects:  14% (1/7)        
2025-11-26T18:50:13.2773080Z remote: Counting objects:  28% (2/7)        
2025-11-26T18:50:13.2774498Z remote: Counting objects:  42% (3/7)        
2025-11-26T18:50:13.2775062Z remote: Counting objects:  57% (4/7)        
2025-11-26T18:50:13.2775602Z remote: Counting objects:  71% (5/7)        
2025-11-26T18:50:13.2776126Z remote: Counting objects:  85% (6/7)        
2025-11-26T18:50:13.2776649Z remote: Counting objects: 100% (7/7)        
2025-11-26T18:50:13.2777230Z remote: Counting objects: 100% (7/7), done.        
2025-11-26T18:50:13.2777823Z remote: Compressing objects: 100% (1/1)        
2025-11-26T18:50:13.2778503Z remote: Compressing objects: 100% (1/1), done.        
2025-11-26T18:50:13.2780014Z remote: Total 4 (delta 1), reused 4 (delta 1), pack-reused 0 (from 0)        
2025-11-26T18:50:13.3070427Z From https://github.com/rouisskhawla/devops-ci-cd-pipeline-github-actions
2025-11-26T18:50:13.3072432Z  + 9ed62df...4974515 497451586471704e9134a95b8802e6232c703f3d -> origin/main  (forced update)
2025-11-26T18:50:13.3119317Z ##[endgroup]
2025-11-26T18:50:13.3120076Z ##[group]Determining the checkout info
2025-11-26T18:50:13.3120782Z ##[endgroup]
2025-11-26T18:50:13.3121378Z ##[group]Checking out the ref
2025-11-26T18:50:13.3122170Z [command]/usr/bin/git checkout --progress --force -B main refs/remotes/origin/main
2025-11-26T18:50:13.3176747Z Warning: you are leaving 1 commit behind, not connected to
2025-11-26T18:50:13.3177380Z any of your branches:
2025-11-26T18:50:13.3177694Z 
2025-11-26T18:50:13.3178170Z   9ed62df Trigger releases by running ci.yml manually
2025-11-26T18:50:13.3178476Z 
2025-11-26T18:50:13.3178849Z If you want to keep it by creating a new branch, this may be a good time
2025-11-26T18:50:13.3179358Z to do so with:
2025-11-26T18:50:13.3179556Z 
2025-11-26T18:50:13.3179890Z  git branch <new-branch-name> 9ed62df
2025-11-26T18:50:13.3180158Z 
2025-11-26T18:50:13.3188898Z Switched to a new branch 'main'
2025-11-26T18:50:13.3190318Z branch 'main' set up to track 'origin/main'.
2025-11-26T18:50:13.3200299Z ##[endgroup]
2025-11-26T18:50:13.3264494Z [command]/usr/bin/git log -1 --format='%H'
2025-11-26T18:50:13.3297036Z '497451586471704e9134a95b8802e6232c703f3d'
2025-11-26T18:50:13.3628093Z ##[group]Run appleboy/ssh-action@v0.1.9
2025-11-26T18:50:13.3628679Z with:
2025-11-26T18:50:13.3629151Z   host: ***
2025-11-26T18:50:13.3629481Z   username: ***
2025-11-26T18:50:13.3631450Z   key: ***

2025-11-26T18:50:13.3631804Z   port: ***
2025-11-26T18:50:13.3632255Z   script: mkdir -p ~/devops-ci-cd-github-actions

2025-11-26T18:50:13.3632788Z   sync: false
2025-11-26T18:50:13.3633175Z   use_insecure_cipher: false
2025-11-26T18:50:13.3633667Z   timeout: 30s
2025-11-26T18:50:13.3633968Z   command_timeout: 10m
2025-11-26T18:50:13.3634500Z   proxy_port: ***
2025-11-26T18:50:13.3634867Z   proxy_timeout: 30s
2025-11-26T18:50:13.3635720Z   proxy_use_insecure_cipher: false
2025-11-26T18:50:13.3636141Z   script_stop: false
2025-11-26T18:50:13.3637205Z   debug: false
2025-11-26T18:50:13.3637648Z ##[endgroup]
2025-11-26T18:50:13.3786323Z ##[command]/usr/bin/docker run --name e32b84fa49ea742623447cb8ad93b6b82a0ab5_dfeb9f --label e32b84 --workdir /github/workspace --rm -e "INPUT_HOST" -e "INPUT_USERNAME" -e "INPUT_KEY" -e "INPUT_PORT" -e "INPUT_SCRIPT" -e "INPUT_PASSPHRASE" -e "INPUT_PASSWORD" -e "INPUT_SYNC" -e "INPUT_USE_INSECURE_CIPHER" -e "INPUT_CIPHER" -e "INPUT_TIMEOUT" -e "INPUT_COMMAND_TIMEOUT" -e "INPUT_KEY_PATH" -e "INPUT_FINGERPRINT" -e "INPUT_PROXY_HOST" -e "INPUT_PROXY_PORT" -e "INPUT_PROXY_USERNAME" -e "INPUT_PROXY_PASSWORD" -e "INPUT_PROXY_PASSPHRASE" -e "INPUT_PROXY_TIMEOUT" -e "INPUT_PROXY_KEY" -e "INPUT_PROXY_KEY_PATH" -e "INPUT_PROXY_FINGERPRINT" -e "INPUT_PROXY_CIPHER" -e "INPUT_PROXY_USE_INSECURE_CIPHER" -e "INPUT_SCRIPT_STOP" -e "INPUT_ENVS" -e "INPUT_DEBUG" -e "HOME" -e "GITHUB_JOB" -e "GITHUB_REF" -e "GITHUB_SHA" -e "GITHUB_REPOSITORY" -e "GITHUB_REPOSITORY_OWNER" -e "GITHUB_REPOSITORY_OWNER_ID" -e "GITHUB_RUN_ID" -e "GITHUB_RUN_NUMBER" -e "GITHUB_RETENTION_DAYS" -e "GITHUB_RUN_ATTEMPT" -e "GITHUB_ACTOR_ID" -e "GITHUB_ACTOR" -e "GITHUB_WORKFLOW" -e "GITHUB_HEAD_REF" -e "GITHUB_BASE_REF" -e "GITHUB_EVENT_NAME" -e "GITHUB_SERVER_URL" -e "GITHUB_API_URL" -e "GITHUB_GRAPHQL_URL" -e "GITHUB_REF_NAME" -e "GITHUB_REF_PROTECTED" -e "GITHUB_REF_TYPE" -e "GITHUB_WORKFLOW_REF" -e "GITHUB_WORKFLOW_SHA" -e "GITHUB_REPOSITORY_ID" -e "GITHUB_TRIGGERING_ACTOR" -e "GITHUB_WORKSPACE" -e "GITHUB_ACTION" -e "GITHUB_EVENT_PATH" -e "GITHUB_ACTION_REPOSITORY" -e "GITHUB_ACTION_REF" -e "GITHUB_PATH" -e "GITHUB_ENV" -e "GITHUB_STEP_SUMMARY" -e "GITHUB_STATE" -e "GITHUB_OUTPUT" -e "RUNNER_OS" -e "RUNNER_ARCH" -e "RUNNER_NAME" -e "RUNNER_ENVIRONMENT" -e "RUNNER_TOOL_CACHE" -e "RUNNER_TEMP" -e "RUNNER_WORKSPACE" -e "ACTIONS_RUNTIME_URL" -e "ACTIONS_RUNTIME_TOKEN" -e "ACTIONS_CACHE_URL" -e "ACTIONS_RESULTS_URL" -e GITHUB_ACTIONS=true -e CI=true -v "/var/run/docker.sock":"/var/run/docker.sock" -v "/home/worldsoft/actions-runner/_work/_temp":"/github/runner_temp" -v "/home/worldsoft/actions-runner/_work/_temp/_github_home":"/github/home" -v "/home/worldsoft/actions-runner/_work/_temp/_github_workflow":"/github/workflow" -v "/home/worldsoft/actions-runner/_work/_temp/_runner_file_commands":"/github/file_commands" -v "/home/worldsoft/actions-runner/_work/devops-ci-cd-pipeline-github-actions/devops-ci-cd-pipeline-github-actions":"/github/workspace" e32b84:fa49ea742623447cb8ad93b6b82a0ab5
2025-11-26T18:50:14.3656411Z ======CMD======
2025-11-26T18:50:14.3658500Z mkdir -p ~/devops-ci-cd-github-actions
2025-11-26T18:50:14.3660433Z 
2025-11-26T18:50:14.3660924Z ======END======
2025-11-26T18:50:15.1985933Z ==============================================
2025-11-26T18:50:15.1987547Z ✅ Successfully executed commands to all host.
2025-11-26T18:50:15.1991241Z ==============================================
2025-11-26T18:50:15.5852338Z ##[group]Run appleboy/scp-action@v0.1.7
2025-11-26T18:50:15.5852780Z with:
2025-11-26T18:50:15.5853062Z   host: ***
2025-11-26T18:50:15.5853370Z   username: ***
2025-11-26T18:50:15.5855725Z   key: ***

2025-11-26T18:50:15.5856091Z   port: ***
2025-11-26T18:50:15.5856422Z   source: docker-compose.yml
2025-11-26T18:50:15.5857090Z   target: ~/devops-ci-cd-github-actions/
2025-11-26T18:50:15.5857528Z   timeout: 30s
2025-11-26T18:50:15.5857851Z   command_timeout: 10m
2025-11-26T18:50:15.5858209Z   use_insecure_cipher: false
2025-11-26T18:50:15.5858533Z   rm: false
2025-11-26T18:50:15.5858822Z   debug: false
2025-11-26T18:50:15.5859267Z   strip_components: 0
2025-11-26T18:50:15.5859598Z   overwrite: false
2025-11-26T18:50:15.5859922Z   tar_dereference: false
2025-11-26T18:50:15.5860265Z   tar_exec: tar
2025-11-26T18:50:15.5860634Z   proxy_port: ***
2025-11-26T18:50:15.5861018Z   proxy_timeout: 30s
2025-11-26T18:50:15.5861369Z   proxy_use_insecure_cipher: false
2025-11-26T18:50:15.5861841Z ##[endgroup]
2025-11-26T18:50:15.5919966Z ##[command]/usr/bin/docker run --name e32b843967b8db061d4cb083e7ad6d29e13dce_21e678 --label e32b84 --workdir /github/workspace --rm -e "INPUT_HOST" -e "INPUT_USERNAME" -e "INPUT_KEY" -e "INPUT_PORT" -e "INPUT_SOURCE" -e "INPUT_TARGET" -e "INPUT_PASSWORD" -e "INPUT_TIMEOUT" -e "INPUT_COMMAND_TIMEOUT" -e "INPUT_KEY_PATH" -e "INPUT_PASSPHRASE" -e "INPUT_FINGERPRINT" -e "INPUT_USE_INSECURE_CIPHER" -e "INPUT_RM" -e "INPUT_DEBUG" -e "INPUT_STRIP_COMPONENTS" -e "INPUT_OVERWRITE" -e "INPUT_TAR_DEREFERENCE" -e "INPUT_TAR_TMP_PATH" -e "INPUT_TAR_EXEC" -e "INPUT_PROXY_HOST" -e "INPUT_PROXY_PORT" -e "INPUT_PROXY_USERNAME" -e "INPUT_PROXY_PASSWORD" -e "INPUT_PROXY_PASSPHRASE" -e "INPUT_PROXY_TIMEOUT" -e "INPUT_PROXY_KEY" -e "INPUT_PROXY_KEY_PATH" -e "INPUT_PROXY_FINGERPRINT" -e "INPUT_PROXY_USE_INSECURE_CIPHER" -e "HOME" -e "GITHUB_JOB" -e "GITHUB_REF" -e "GITHUB_SHA" -e "GITHUB_REPOSITORY" -e "GITHUB_REPOSITORY_OWNER" -e "GITHUB_REPOSITORY_OWNER_ID" -e "GITHUB_RUN_ID" -e "GITHUB_RUN_NUMBER" -e "GITHUB_RETENTION_DAYS" -e "GITHUB_RUN_ATTEMPT" -e "GITHUB_ACTOR_ID" -e "GITHUB_ACTOR" -e "GITHUB_WORKFLOW" -e "GITHUB_HEAD_REF" -e "GITHUB_BASE_REF" -e "GITHUB_EVENT_NAME" -e "GITHUB_SERVER_URL" -e "GITHUB_API_URL" -e "GITHUB_GRAPHQL_URL" -e "GITHUB_REF_NAME" -e "GITHUB_REF_PROTECTED" -e "GITHUB_REF_TYPE" -e "GITHUB_WORKFLOW_REF" -e "GITHUB_WORKFLOW_SHA" -e "GITHUB_REPOSITORY_ID" -e "GITHUB_TRIGGERING_ACTOR" -e "GITHUB_WORKSPACE" -e "GITHUB_ACTION" -e "GITHUB_EVENT_PATH" -e "GITHUB_ACTION_REPOSITORY" -e "GITHUB_ACTION_REF" -e "GITHUB_PATH" -e "GITHUB_ENV" -e "GITHUB_STEP_SUMMARY" -e "GITHUB_STATE" -e "GITHUB_OUTPUT" -e "RUNNER_OS" -e "RUNNER_ARCH" -e "RUNNER_NAME" -e "RUNNER_ENVIRONMENT" -e "RUNNER_TOOL_CACHE" -e "RUNNER_TEMP" -e "RUNNER_WORKSPACE" -e "ACTIONS_RUNTIME_URL" -e "ACTIONS_RUNTIME_TOKEN" -e "ACTIONS_CACHE_URL" -e "ACTIONS_RESULTS_URL" -e GITHUB_ACTIONS=true -e CI=true -v "/var/run/docker.sock":"/var/run/docker.sock" -v "/home/worldsoft/actions-runner/_work/_temp":"/github/runner_temp" -v "/home/worldsoft/actions-runner/_work/_temp/_github_home":"/github/home" -v "/home/worldsoft/actions-runner/_work/_temp/_github_workflow":"/github/workflow" -v "/home/worldsoft/actions-runner/_work/_temp/_runner_file_commands":"/github/file_commands" -v "/home/worldsoft/actions-runner/_work/devops-ci-cd-pipeline-github-actions/devops-ci-cd-pipeline-github-actions":"/github/workspace" e32b84:3967b8db061d4cb083e7ad6d29e13dce
2025-11-26T18:50:16.4186782Z drone-scp version: v1.6.14
2025-11-26T18:50:16.4188426Z tar all files into /tmp/ZKWMtDFoTE.tar.gz
2025-11-26T18:50:16.9731384Z remote server os type is unix
2025-11-26T18:50:16.9732014Z scp file to server.
2025-11-26T18:50:18.2348668Z create folder ~/devops-ci-cd-github-actions/
2025-11-26T18:50:19.1441611Z untar file ZKWMtDFoTE.tar.gz
2025-11-26T18:50:19.6855344Z remove file ZKWMtDFoTE.tar.gz
2025-11-26T18:50:20.2138353Z ===================================================
2025-11-26T18:50:20.2143121Z ✅ Successfully executed transfer data to all host
2025-11-26T18:50:20.2144663Z ===================================================
2025-11-26T18:50:20.6505582Z ##[group]Run appleboy/ssh-action@v0.1.9
2025-11-26T18:50:20.6505964Z with:
2025-11-26T18:50:20.6506283Z   host: ***
2025-11-26T18:50:20.6506549Z   username: ***
2025-11-26T18:50:20.6508509Z   key: ***

2025-11-26T18:50:20.6508796Z   port: ***
2025-11-26T18:50:20.6509889Z   script: export APP_IMAGE_TAG=latest-snapshot
docker pull  ***/devops-ci-cd-pipeline-github-actions:$APP_IMAGE_TAG
docker-compose -f ~/devops-ci-cd-github-actions/docker-compose.yml down
docker-compose -f ~/devops-ci-cd-github-actions/docker-compose.yml up -d

2025-11-26T18:50:20.6511122Z   sync: false
2025-11-26T18:50:20.6511353Z   use_insecure_cipher: false
2025-11-26T18:50:20.6511591Z   timeout: 30s
2025-11-26T18:50:20.6511804Z   command_timeout: 10m
2025-11-26T18:50:20.6512046Z   proxy_port: ***
2025-11-26T18:50:20.6512264Z   proxy_timeout: 30s
2025-11-26T18:50:20.6512487Z   proxy_use_insecure_cipher: false
2025-11-26T18:50:20.6512758Z   script_stop: false
2025-11-26T18:50:20.6512963Z   debug: false
2025-11-26T18:50:20.6513500Z ##[endgroup]
2025-11-26T18:50:20.6538497Z ##[command]/usr/bin/docker run --name e32b84fa49ea742623447cb8ad93b6b82a0ab5_9d9cdf --label e32b84 --workdir /github/workspace --rm -e "INPUT_HOST" -e "INPUT_USERNAME" -e "INPUT_KEY" -e "INPUT_PORT" -e "INPUT_SCRIPT" -e "INPUT_PASSPHRASE" -e "INPUT_PASSWORD" -e "INPUT_SYNC" -e "INPUT_USE_INSECURE_CIPHER" -e "INPUT_CIPHER" -e "INPUT_TIMEOUT" -e "INPUT_COMMAND_TIMEOUT" -e "INPUT_KEY_PATH" -e "INPUT_FINGERPRINT" -e "INPUT_PROXY_HOST" -e "INPUT_PROXY_PORT" -e "INPUT_PROXY_USERNAME" -e "INPUT_PROXY_PASSWORD" -e "INPUT_PROXY_PASSPHRASE" -e "INPUT_PROXY_TIMEOUT" -e "INPUT_PROXY_KEY" -e "INPUT_PROXY_KEY_PATH" -e "INPUT_PROXY_FINGERPRINT" -e "INPUT_PROXY_CIPHER" -e "INPUT_PROXY_USE_INSECURE_CIPHER" -e "INPUT_SCRIPT_STOP" -e "INPUT_ENVS" -e "INPUT_DEBUG" -e "HOME" -e "GITHUB_JOB" -e "GITHUB_REF" -e "GITHUB_SHA" -e "GITHUB_REPOSITORY" -e "GITHUB_REPOSITORY_OWNER" -e "GITHUB_REPOSITORY_OWNER_ID" -e "GITHUB_RUN_ID" -e "GITHUB_RUN_NUMBER" -e "GITHUB_RETENTION_DAYS" -e "GITHUB_RUN_ATTEMPT" -e "GITHUB_ACTOR_ID" -e "GITHUB_ACTOR" -e "GITHUB_WORKFLOW" -e "GITHUB_HEAD_REF" -e "GITHUB_BASE_REF" -e "GITHUB_EVENT_NAME" -e "GITHUB_SERVER_URL" -e "GITHUB_API_URL" -e "GITHUB_GRAPHQL_URL" -e "GITHUB_REF_NAME" -e "GITHUB_REF_PROTECTED" -e "GITHUB_REF_TYPE" -e "GITHUB_WORKFLOW_REF" -e "GITHUB_WORKFLOW_SHA" -e "GITHUB_REPOSITORY_ID" -e "GITHUB_TRIGGERING_ACTOR" -e "GITHUB_WORKSPACE" -e "GITHUB_ACTION" -e "GITHUB_EVENT_PATH" -e "GITHUB_ACTION_REPOSITORY" -e "GITHUB_ACTION_REF" -e "GITHUB_PATH" -e "GITHUB_ENV" -e "GITHUB_STEP_SUMMARY" -e "GITHUB_STATE" -e "GITHUB_OUTPUT" -e "RUNNER_OS" -e "RUNNER_ARCH" -e "RUNNER_NAME" -e "RUNNER_ENVIRONMENT" -e "RUNNER_TOOL_CACHE" -e "RUNNER_TEMP" -e "RUNNER_WORKSPACE" -e "ACTIONS_RUNTIME_URL" -e "ACTIONS_RUNTIME_TOKEN" -e "ACTIONS_CACHE_URL" -e "ACTIONS_RESULTS_URL" -e GITHUB_ACTIONS=true -e CI=true -v "/var/run/docker.sock":"/var/run/docker.sock" -v "/home/worldsoft/actions-runner/_work/_temp":"/github/runner_temp" -v "/home/worldsoft/actions-runner/_work/_temp/_github_home":"/github/home" -v "/home/worldsoft/actions-runner/_work/_temp/_github_workflow":"/github/workflow" -v "/home/worldsoft/actions-runner/_work/_temp/_runner_file_commands":"/github/file_commands" -v "/home/worldsoft/actions-runner/_work/devops-ci-cd-pipeline-github-actions/devops-ci-cd-pipeline-github-actions":"/github/workspace" e32b84:fa49ea742623447cb8ad93b6b82a0ab5
2025-11-26T18:50:21.2769684Z ======CMD======
2025-11-26T18:50:21.2770196Z export APP_IMAGE_TAG=latest-snapshot
2025-11-26T18:50:21.2771029Z docker pull  ***/devops-ci-cd-pipeline-github-actions:$APP_IMAGE_TAG
2025-11-26T18:50:21.2771733Z docker-compose -f ~/devops-ci-cd-github-actions/docker-compose.yml down
2025-11-26T18:50:21.2772372Z docker-compose -f ~/devops-ci-cd-github-actions/docker-compose.yml up -d
2025-11-26T18:50:21.2772775Z 
2025-11-26T18:50:21.2772932Z ======END======
2025-11-26T18:50:23.7718653Z out: latest-snapshot: Pulling from ***/devops-ci-cd-pipeline-github-actions
2025-11-26T18:50:23.7720360Z out: 7e49dc6156b0: Already exists
2025-11-26T18:50:23.7872921Z out: e106dd8ed6ad: Already exists
2025-11-26T18:50:23.8036149Z out: f28a3134bb3a: Already exists
2025-11-26T18:50:23.8265959Z out: 837687f10a1f: Already exists
2025-11-26T18:50:23.8450891Z out: 2581bc3ff3b6: Already exists
2025-11-26T18:50:23.8633224Z out: 3d8340c256a8: Pulling fs layer
2025-11-26T18:50:53.1837905Z out: 3d8340c256a8: Verifying Checksum
2025-11-26T18:50:53.2019339Z out: 3d8340c256a8: Download complete
2025-11-26T18:50:53.9310188Z out: 3d8340c256a8: Pull complete
2025-11-26T18:50:54.0585886Z out: Digest: sha256:bc3db7d18643e7d0c82647da1e2fd066305af6e7778fccd0d1bbce55cec9c05f
2025-11-26T18:50:54.1015206Z out: Status: Downloaded newer image for ***/devops-ci-cd-pipeline-github-actions:latest-snapshot
2025-11-26T18:50:54.1352749Z out: docker.io/***/devops-ci-cd-pipeline-github-actions:latest-snapshot
2025-11-26T18:50:56.1454376Z err: Stopping devops-ci-cd-github-actions_devops-ci-cd-pipeline-github-actions_1 ... 
2025-11-26T18:50:57.8150507Z err: Stopping devops-ci-cd-github-actions_devops-ci-cd-pipeline-github-actions_1 ... done
2025-11-26T18:50:57.8481839Z err: Removing devops-ci-cd-github-actions_devops-ci-cd-pipeline-github-actions_1 ... 
2025-11-26T18:50:57.8879878Z err: Removing devops-ci-cd-github-actions_devops-ci-cd-pipeline-github-actions_1 ... done
2025-11-26T18:50:57.8880656Z err: Removing network devops-ci-cd-github-actions_default
2025-11-26T18:50:59.2052576Z err: Creating network "devops-ci-cd-github-actions_default" with the default driver
2025-11-26T18:50:59.7570225Z err: Creating devops-ci-cd-github-actions_devops-ci-cd-pipeline-github-actions_1 ... 
2025-11-26T18:51:01.4562182Z err: Creating devops-ci-cd-github-actions_devops-ci-cd-pipeline-github-actions_1 ... done
2025-11-26T18:51:01.6498060Z ==============================================
2025-11-26T18:51:01.6500300Z ✅ Successfully executed commands to all host.
2025-11-26T18:51:01.6500747Z ==============================================
2025-11-26T18:51:02.1051249Z Post job cleanup.
2025-11-26T18:51:02.5641905Z [command]/usr/bin/git version
2025-11-26T18:51:02.5890516Z git version 2.43.0
2025-11-26T18:51:02.5994294Z Temporarily overriding HOME='/home/worldsoft/actions-runner/_work/_temp/b41d6d7d-a524-490e-b874-8a8d9131b027' before making global git config changes
2025-11-26T18:51:02.5995519Z Adding repository directory to the temporary git global config as a safe directory
2025-11-26T18:51:02.5999355Z [command]/usr/bin/git config --global --add safe.directory /home/worldsoft/actions-runner/_work/devops-ci-cd-pipeline-github-actions/devops-ci-cd-pipeline-github-actions
2025-11-26T18:51:02.6087330Z [command]/usr/bin/git config --local --name-only --get-regexp core\.sshCommand
2025-11-26T18:51:02.6135613Z [command]/usr/bin/git submodule foreach --recursive sh -c "git config --local --name-only --get-regexp 'core\.sshCommand' && git config --local --unset-all 'core.sshCommand' || :"
2025-11-26T18:51:02.7047220Z [command]/usr/bin/git config --local --name-only --get-regexp http\.https\:\/\/github\.com\/\.extraheader
2025-11-26T18:51:02.7083230Z http.https://github.com/.extraheader
2025-11-26T18:51:02.7098608Z [command]/usr/bin/git config --local --unset-all http.https://github.com/.extraheader
2025-11-26T18:51:02.7159030Z [command]/usr/bin/git submodule foreach --recursive sh -c "git config --local --name-only --get-regexp 'http\.https\:\/\/github\.com\/\.extraheader' && git config --local --unset-all 'http.https://github.com/.extraheader' || :"
2025-11-26T18:51:02.7687915Z Cleaning up orphan processes
